ASxxxx Linker V03.00 + NoICE + sdld,  page 1.
Hexadecimal  [32-Bits]

Area                                    Addr        Size        Decimal Bytes (Attributes)
--------------------------------        ----        ----        ------- ----- ------------
.  .ABS.                            00000000    00000000 =           0. bytes (ABS,CON)

      Value  Global                              Global Defined In Module
      -----  --------------------------------   ------------------------
     00000000  .__.ABS.                           
     00000000  l__CABS                         
     00000000  l__DABS                         
     00000000  l__HEADER                       
     00000000  l__HEAP                         
     00000000  l__HOME                         
     00000000  s__CABS                         
     00000000  s__DABS                         
     00000000  s__HEADER                       
     00000000  s__HEADER0                      
     00000001  l__GSFINAL                      
     00000006  l__HEADER0                      
     0000000F  l__GSINIT                       
     00000106  s__CODE                         
     000003AB  l__INITIALIZER                  
     000003AD  l__INITIALIZED                  
     0000299C  l__CODE                         
     00002AA2  s__DATA                         
     00006B0D  l__DATA                         
     000095AF  s__INITIALIZED                  
     0000995C  s__GSINIT                       
     0000995C  s__HOME                         
     0000996B  s__GSFINAL                      
     0000996C  s__INITIALIZER                  
     00009D17  s__HEAP                         

ASxxxx Linker V03.00 + NoICE + sdld,  page 2.
Hexadecimal  [32-Bits]

Area                                    Addr        Size        Decimal Bytes (Attributes)
--------------------------------        ----        ----        ------- ----- ------------
_CODE                               00000106    0000299C =       10652. bytes (REL,CON)

      Value  Global                              Global Defined In Module
      -----  --------------------------------   ------------------------
     00000106  _inicializarPantalla               main
     0000012D  _cargarTileSetEnRAM                main
     0000016B  _cargarTileMapEnRAM                main
     000001A9  _deRamAVramPage1                   main
     000001C4  _FT_SetName                        main
     00000296  _recorrerBufferTileMapYPintarPag   main
     0000039D  _pintarPantallaInicio              main
     000004BC  _SetAdjust                         main
     000004F4  _verArray                          main
     00000581  _inicializar_player                main
     0000067E  _render_player                     main
     00000843  _update_player                     main
     00000906  _collisionPlayer                   main
     00000968  _inicializar_disparos              main
     0000097F  _crear_disparos                    main
     00000995  _actualizar_disparos               main
     00000ABD  _eliminar_disparos                 main
     00000B14  _inicilizar_enemigos               main
     00000BA0  _crear_enemigos                    main
     00000BB7  _fabricaDeEnemigos                 main
     00000C94  _actualizar_enemigos               main
     00000E3C  _eliminar_enemigos                 main
     00000EA5  _collision_enemigos                main
     00000F6E  _generar_numero_aleatorio          main
     00000F92  _main                              main
     000010BC  _inicializar_sprites               main
     000010C5  _procesar_entrada                  main
     000011B5  _update_collision_system           main
     00001247  _gui                               main
     000013BC  __divuint                          
     000013C4  __divuchar                         
     000013CB  __divu8                            
     000013CE  __divu16                           
     000013FD  _rand                              rand
     000014BC  _srand                             rand
     00001509  _vMSX                              
     00001551  _SetVDPWrite                       
     00001577  _WriteScr                          
     0000159A  _SetVDPRead                        
     000015BC  _ReadScr                           
     0000161A  _PsetXY                            
     00001660  _PgetXY                            
     00001690  _Point                             
     000016DD  _NewLine                           
     0000176C  _OLD_Line                          
     000017E7  _OLD_Rect                          
     00001856  _Paint                             
     000018DC  _HMMC                              
     0000198D  _LMMC                              
     000019F7  _HMCM                              
ASxxxx Linker V03.00 + NoICE + sdld,  page 3.
Hexadecimal  [32-Bits]

Area                                    Addr        Size        Decimal Bytes (Attributes)
--------------------------------        ----        ----        ------- ----- ------------
_CODE                               00000106    0000299C =       10652. bytes (REL,CON)

      Value  Global                              Global Defined In Module
      -----  --------------------------------   ------------------------
     00001ACD  _HMCM_SC8                          
     00001BBE  _HMMM                              
     00001C1D  _YMMM                              
     00001C76  _HMMV                              
     00001CC4  _LMMV                              
     00001D17  _Pset                              
     00001D5D  _LMMM                              
     00001DDC  _fLMMM                             
     00001E09  _Draw                              
     0000203D  _fcb_read                          
     00002060  _fcb_write                         
     00002084  _SubLine                           vdp_graph2plus
     000020EE  _Line                              vdp_graph2plus
     00002183  _BoxFill                           vdp_graph2plus
     000021F7  _BoxLine                           vdp_graph2plus
     000022E3  _PutSprite                         putsprite
     0000234B  _SpriteSmall                       spriteSmall
     00002382  _SetRealTimer                      setrealtimer
     000023B5  _KeySound                          keysound
     000023ED  _SC8SpritePattern                  
     000023F6  _SC5SpritePattern                  
     000023FF  _SC8SpriteColors                   
     00002409  _SC5SpriteColors                   
     0000247A  _SC5SpriteAttribs                  
     000024A9  _Sprite32Bytes                     
     00002503  _SpriteOn                          spriteon
     0000253A  _SpriteReset                       spritereset
     0000254C  _fcb_open                          
     0000255D  _fcb_create                        
     0000257E  _fcb_close                         
     00002590  _Beep                              beep
     000025A5  _WaitKey                           
     000025BD  _Inkey                             
     000025E3  _SetSpritePattern                  setspritepattern
     00002639  _RealTimer                         realtimer
     00002661  _VDPwriteNi                        
     00002671  _JoystickRead                      joystickread
     00002690  _VpokeFirst                        vpoke
     0000271C  _Vpoke                             vpoke
     00002734  _Itoa                              itoa
     0000285B  _OutPorts                          
     0000286B  _TriggerRead                       triggerread
     0000288A  _StrReverse                        strreverse
     0000290F  _VDPwrite                          
     00002921  _StrLen                            
     0000293C  ___sdcc_enter_ix                   
     00002946  _OutPort                           
     00002950  __modschar                         
     0000295D  __modsint                          
     00002969  _Sprite16                          sprite16
     000029A0  _PutText                           
ASxxxx Linker V03.00 + NoICE + sdld,  page 4.
Hexadecimal  [32-Bits]

Area                                    Addr        Size        Decimal Bytes (Attributes)
--------------------------------        ----        ----        ------- ----- ------------
_CODE                               00000106    0000299C =       10652. bytes (REL,CON)

      Value  Global                              Global Defined In Module
      -----  --------------------------------   ------------------------
     000029E0  _SetColors                         setcolors
     00002A3A  __divsint                          
     00002A43  __divschar                         
     00002A4A  __div8                             
     00002A4E  __div_signexte                     
     00002A52  __div16                            
     00002A78  __get_remainder                    
     00002A82  _Screen                            

ASxxxx Linker V03.00 + NoICE + sdld,  page 5.
Hexadecimal  [32-Bits]

Area                                    Addr        Size        Decimal Bytes (Attributes)
--------------------------------        ----        ----        ------- ----- ------------
_DATA                               00002AA2    00006B0D =       27405. bytes (REL,CON)

      Value  Global                              Global Defined In Module
      -----  --------------------------------   ------------------------
     00002AA2  _TFileTileSet                      main
     00002AC7  _TFileTileMap                      main
     00002AEC  _bufferTileSetYMap                 main
     000094EC  _contadorColumna                   main
     000094EE  _tileX                             main
     000094F0  _tileY                             main
     000094F2  _array_structs_fires               main
     00009542  _numero_disparo                    main
     00009543  _array_structs_enemigos            main
     000095A7  _numero_de_enemigo                 main
     000095A8  _colisionFire                      main
     000095A9  _posicionPlayerInicial             main
     000095AB  _espacioLibre                      main
     000095AD  _fire                              main

ASxxxx Linker V03.00 + NoICE + sdld,  page 6.
Hexadecimal  [32-Bits]

Area                                    Addr        Size        Decimal Bytes (Attributes)
--------------------------------        ----        ----        ------- ----- ------------
_INITIALIZED                        000095AF    000003AD =         941. bytes (REL,CON)

      Value  Global                              Global Defined In Module
      -----  --------------------------------   ------------------------
     000095AF  _fileNameTilseSet                  main
     000095BB  _fileNameTileMap                   main
     000095C6  _personaje_tronco_superior_derec   main
     000095E6  _personaje_tronco_superior_derec   main
     00009606  _personaje_piernas_derecha1        main
     00009626  _personaje_piernas_derecha2        main
     00009646  _arma_derecha                      main
     00009666  _personaje_tronco_superior_izqui   main
     00009686  _personaje_tronco_superior_izqui   main
     000096A6  _personaje_piernas_izquierda1      main
     000096C6  _personaje_piernas_izquierda2      main
     000096E6  _arma_izquierda                    main
     00009706  _color_personaje_tronco_superior   main
     00009726  _color_personaje_tronco_superior   main
     00009746  _color_personaje_piernas1          main
     00009766  _color_personaje_piernas2          main
     00009786  _color_arma                        main
     000097A6  _player                            main
     000097B4  _gravedad                          main
     000097B6  _fireSprite                        main
     000097D6  _enemigo1                          main
     000097F6  _enemigo1andando                   main
     00009816  _enemigo2                          main
     00009836  _enemigo2andando                   main
     00009856  _enemigo3                          main
     00009876  _enemigo3andando                   main
     00009896  _enemigo4                          main
     000098B6  _enemigo4andando                   main
     000098D6  _colorEnemigo1                     main
     000098E6  _colorEnemigo1Andando              main
     000098F6  _colorEnemigo2                     main
     00009906  _colorEnemigo2Andando              main
     00009916  _colorEnemigo3                     main
     00009926  _colorEnemigo3Andando              main
     00009936  _colorEnemigo4                     main
     00009946  _colorEnemigo4Andando              main
     00009956  _heap_top                          

ASxxxx Linker V03.00 + NoICE + sdld,  page 7.
Hexadecimal  [32-Bits]

Area                                    Addr        Size        Decimal Bytes (Attributes)
--------------------------------        ----        ----        ------- ----- ------------
_GSINIT                             0000995C    0000000F =          15. bytes (REL,CON)

      Value  Global                              Global Defined In Module
      -----  --------------------------------   ------------------------
ASxxxx Linker V03.00 + NoICE + sdld,  page 8.
Hexadecimal  [32-Bits]

Area                                    Addr        Size        Decimal Bytes (Attributes)
--------------------------------        ----        ----        ------- ----- ------------
_GSFINAL                            0000996B    00000001 =           1. bytes (REL,CON)

      Value  Global                              Global Defined In Module
      -----  --------------------------------   ------------------------
ASxxxx Linker V03.00 + NoICE + sdld,  page 9.
Hexadecimal  [32-Bits]

Area                                    Addr        Size        Decimal Bytes (Attributes)
--------------------------------        ----        ----        ------- ----- ------------
_INITIALIZER                        0000996C    000003AB =         939. bytes (REL,CON)

      Value  Global                              Global Defined In Module
      -----  --------------------------------   ------------------------
ASxxxx Linker V03.00 + NoICE + sdld,  page 10.
Hexadecimal  [32-Bits]

Area                                    Addr        Size        Decimal Bytes (Attributes)
--------------------------------        ----        ----        ------- ----- ------------
_HEADER0                            00000000    00000006 =           6. bytes (ABS,CON)

      Value  Global                              Global Defined In Module
      -----  --------------------------------   ------------------------
ASxxxx Linker V03.00 + NoICE + sdld,  page 11.
Hexadecimal  [32-Bits]

Area                                    Addr        Size        Decimal Bytes (Attributes)
--------------------------------        ----        ----        ------- ----- ------------
_HEAP                               00009D17    00000000 =           0. bytes (REL,CON)

      Value  Global                              Global Defined In Module
      -----  --------------------------------   ------------------------
     00009D17  _HEAP_start                        

ASxxxx Linker V03.00 + NoICE + sdld,  page 12.

Files Linked                              [ module(s) ]

main.rel                                  [ main ]
fusion-c\include\crt0_msxdos.rel          [  ]


Libraries Linked                          [ object file ]

C:\Program Files\SDCC\bin\..\lib\z80/z80.lib
                                          [ divunsigned.rel ]
C:\Program Files\SDCC\bin\..\lib\z80/z80.lib
                                          [ rand.rel ]
fusion-c\lib\/fusion.lib                  [ vdp_graph2.rel ]
fusion-c\lib\/fusion.lib                  [ fcb_read.rel ]
fusion-c\lib\/fusion.lib                  [ vdp_graph2plus.rel ]
fusion-c\lib\/fusion.lib                  [ putsprite.rel ]
fusion-c\lib\/fusion.lib                  [ spriteSmall.rel ]
fusion-c\lib\/fusion.lib                  [ setrealtimer.rel ]
fusion-c\lib\/fusion.lib                  [ keysound.rel ]
fusion-c\lib\/fusion.lib                  [ spritemore.rel ]
fusion-c\lib\/fusion.lib                  [ spriteon.rel ]
fusion-c\lib\/fusion.lib                  [ spritereset.rel ]
fusion-c\lib\/fusion.lib                  [ fcb_open.rel ]
fusion-c\lib\/fusion.lib                  [ beep.rel ]
fusion-c\lib\/fusion.lib                  [ waitkey.rel ]
fusion-c\lib\/fusion.lib                  [ inkey.rel ]
fusion-c\lib\/fusion.lib                  [ setspritepattern.rel ]
fusion-c\lib\/fusion.lib                  [ realtimer.rel ]
fusion-c\lib\/fusion.lib                  [ vdpwriteni.rel ]
fusion-c\lib\/fusion.lib                  [ joystickread.rel ]
fusion-c\lib\/fusion.lib                  [ vpoke.rel ]
fusion-c\lib\/fusion.lib                  [ itoa.rel ]
fusion-c\lib\/fusion.lib                  [ outports.rel ]
fusion-c\lib\/fusion.lib                  [ triggerread.rel ]
fusion-c\lib\/fusion.lib                  [ strreverse.rel ]
fusion-c\lib\/fusion.lib                  [ vdpwrite.rel ]
fusion-c\lib\/fusion.lib                  [ strlen.rel ]
C:\Program Files\SDCC\bin\..\lib\z80/z80.lib
                                          [ crtenter.rel ]
fusion-c\lib\/fusion.lib                  [ outport.rel ]
C:\Program Files\SDCC\bin\..\lib\z80/z80.lib
                                          [ modsigned.rel ]
fusion-c\lib\/fusion.lib                  [ sprite16.rel ]
fusion-c\lib\/fusion.lib                  [ puttext.rel ]
fusion-c\lib\/fusion.lib                  [ setcolors.rel ]
C:\Program Files\SDCC\bin\..\lib\z80/z80.lib
                                          [ divsigned.rel ]
fusion-c\lib\/fusion.lib                  [ screen.rel ]

ASxxxx Linker V03.00 + NoICE + sdld,  page 13.

User Base Address Definitions

_CODE = 0x0106
_DATA = 0x0000

