ASxxxx Linker V03.00 + NoICE + sdld,  page 1.
Hexadecimal  [32-Bits]

Area                                    Addr        Size        Decimal Bytes (Attributes)
--------------------------------        ----        ----        ------- ----- ------------
.  .ABS.                            00000000    00000000 =           0. bytes (ABS,CON)

      Value  Global                              Global Defined In Module
      -----  --------------------------------   ------------------------
     00000000  .__.ABS.                           
     00000000  l__CABS                         
     00000000  l__DABS                         
     00000000  l__HEADER                       
     00000000  l__HEAP                         
     00000000  l__HOME                         
     00000000  s__CABS                         
     00000000  s__DABS                         
     00000000  s__HEADER                       
     00000000  s__HEADER0                      
     00000001  l__GSFINAL                      
     00000006  l__HEADER0                      
     0000000F  l__GSINIT                       
     00000106  s__CODE                         
     000003AB  l__INITIALIZER                  
     000003AD  l__INITIALIZED                  
     00002A49  l__CODE                         
     00002B4F  s__DATA                         
     00006B0D  l__DATA                         
     0000965C  s__INITIALIZED                  
     00009A09  s__GSINIT                       
     00009A09  s__HOME                         
     00009A18  s__GSFINAL                      
     00009A19  s__INITIALIZER                  
     00009DC4  s__HEAP                         

ASxxxx Linker V03.00 + NoICE + sdld,  page 2.
Hexadecimal  [32-Bits]

Area                                    Addr        Size        Decimal Bytes (Attributes)
--------------------------------        ----        ----        ------- ----- ------------
_CODE                               00000106    00002A49 =       10825. bytes (REL,CON)

      Value  Global                              Global Defined In Module
      -----  --------------------------------   ------------------------
     00000106  _inicializarPantalla               main
     0000012D  _cargarTileSetEnRAM                main
     0000016B  _cargarTileMapEnRAM                main
     000001A9  _deRamAVramPage1                   main
     000001C4  _FT_SetName                        main
     00000296  _recorrerBufferTileMapYPintarPag   main
     0000039D  _pintarPantallaInicio              main
     000004BC  _SetAdjust                         main
     000004F4  _verArray                          main
     00000581  _inicializar_player                main
     0000067E  _render_player                     main
     00000843  _update_player                     main
     00000906  _collisionPlayer                   main
     00000968  _inicializar_disparos              main
     0000097F  _crear_disparos                    main
     00000995  _actualizar_disparos               main
     00000ABD  _eliminar_disparos                 main
     00000B14  _inicilizar_enemigos               main
     00000BA0  _crear_enemigos                    main
     00000BB7  _fabricaDeEnemigos                 main
     00000C94  _actualizar_enemigos               main
     00000E3C  _eliminar_enemigos                 main
     00000EA5  _collision_enemigos                main
     00000F6E  _generar_numero_aleatorio          main
     00000F92  _main                              main
     000010BC  _inicializar_sprites               main
     000010C5  _procesar_entrada                  main
     000011DF  _update_collision_system           main
     00001271  _gui                               main
     00001469  __divuint                          
     00001471  __divuchar                         
     00001478  __divu8                            
     0000147B  __divu16                           
     000014AA  _rand                              rand
     00001569  _srand                             rand
     000015B6  _vMSX                              
     000015FE  _SetVDPWrite                       
     00001624  _WriteScr                          
     00001647  _SetVDPRead                        
     00001669  _ReadScr                           
     000016C7  _PsetXY                            
     0000170D  _PgetXY                            
     0000173D  _Point                             
     0000178A  _NewLine                           
     00001819  _OLD_Line                          
     00001894  _OLD_Rect                          
     00001903  _Paint                             
     00001989  _HMMC                              
     00001A3A  _LMMC                              
     00001AA4  _HMCM                              
ASxxxx Linker V03.00 + NoICE + sdld,  page 3.
Hexadecimal  [32-Bits]

Area                                    Addr        Size        Decimal Bytes (Attributes)
--------------------------------        ----        ----        ------- ----- ------------
_CODE                               00000106    00002A49 =       10825. bytes (REL,CON)

      Value  Global                              Global Defined In Module
      -----  --------------------------------   ------------------------
     00001B7A  _HMCM_SC8                          
     00001C6B  _HMMM                              
     00001CCA  _YMMM                              
     00001D23  _HMMV                              
     00001D71  _LMMV                              
     00001DC4  _Pset                              
     00001E0A  _LMMM                              
     00001E89  _fLMMM                             
     00001EB6  _Draw                              
     000020EA  _fcb_read                          
     0000210D  _fcb_write                         
     00002131  _SubLine                           vdp_graph2plus
     0000219B  _Line                              vdp_graph2plus
     00002230  _BoxFill                           vdp_graph2plus
     000022A4  _BoxLine                           vdp_graph2plus
     00002390  _PutSprite                         putsprite
     000023F8  _SpriteSmall                       spriteSmall
     0000242F  _SetRealTimer                      setrealtimer
     00002462  _KeySound                          keysound
     0000249A  _SC8SpritePattern                  
     000024A3  _SC5SpritePattern                  
     000024AC  _SC8SpriteColors                   
     000024B6  _SC5SpriteColors                   
     00002527  _SC5SpriteAttribs                  
     00002556  _Sprite32Bytes                     
     000025B0  _SpriteOn                          spriteon
     000025E7  _SpriteReset                       spritereset
     000025F9  _fcb_open                          
     0000260A  _fcb_create                        
     0000262B  _fcb_close                         
     0000263D  _Beep                              beep
     00002652  _WaitKey                           
     0000266A  _Inkey                             
     00002690  _SetSpritePattern                  setspritepattern
     000026E6  _RealTimer                         realtimer
     0000270E  _VDPwriteNi                        
     0000271E  _JoystickRead                      joystickread
     0000273D  _VpokeFirst                        vpoke
     000027C9  _Vpoke                             vpoke
     000027E1  _Itoa                              itoa
     00002908  _OutPorts                          
     00002918  _TriggerRead                       triggerread
     00002937  _StrReverse                        strreverse
     000029BC  _VDPwrite                          
     000029CE  _StrLen                            
     000029E9  ___sdcc_enter_ix                   
     000029F3  _OutPort                           
     000029FD  __modschar                         
     00002A0A  __modsint                          
     00002A16  _Sprite16                          sprite16
     00002A4D  _PutText                           
ASxxxx Linker V03.00 + NoICE + sdld,  page 4.
Hexadecimal  [32-Bits]

Area                                    Addr        Size        Decimal Bytes (Attributes)
--------------------------------        ----        ----        ------- ----- ------------
_CODE                               00000106    00002A49 =       10825. bytes (REL,CON)

      Value  Global                              Global Defined In Module
      -----  --------------------------------   ------------------------
     00002A8D  _SetColors                         setcolors
     00002AE7  __divsint                          
     00002AF0  __divschar                         
     00002AF7  __div8                             
     00002AFB  __div_signexte                     
     00002AFF  __div16                            
     00002B25  __get_remainder                    
     00002B2F  _Screen                            

ASxxxx Linker V03.00 + NoICE + sdld,  page 5.
Hexadecimal  [32-Bits]

Area                                    Addr        Size        Decimal Bytes (Attributes)
--------------------------------        ----        ----        ------- ----- ------------
_DATA                               00002B4F    00006B0D =       27405. bytes (REL,CON)

      Value  Global                              Global Defined In Module
      -----  --------------------------------   ------------------------
     00002B4F  _TFileTileSet                      main
     00002B74  _TFileTileMap                      main
     00002B99  _bufferTileSetYMap                 main
     00009599  _contadorColumna                   main
     0000959B  _tileX                             main
     0000959D  _tileY                             main
     0000959F  _array_structs_fires               main
     000095EF  _numero_disparo                    main
     000095F0  _array_structs_enemigos            main
     00009654  _numero_de_enemigo                 main
     00009655  _colisionFire                      main
     00009656  _posicionPlayerInicial             main
     00009658  _espacioLibre                      main
     0000965A  _fire                              main

ASxxxx Linker V03.00 + NoICE + sdld,  page 6.
Hexadecimal  [32-Bits]

Area                                    Addr        Size        Decimal Bytes (Attributes)
--------------------------------        ----        ----        ------- ----- ------------
_INITIALIZED                        0000965C    000003AD =         941. bytes (REL,CON)

      Value  Global                              Global Defined In Module
      -----  --------------------------------   ------------------------
     0000965C  _fileNameTilseSet                  main
     00009668  _fileNameTileMap                   main
     00009673  _personaje_tronco_superior_derec   main
     00009693  _personaje_tronco_superior_derec   main
     000096B3  _personaje_piernas_derecha1        main
     000096D3  _personaje_piernas_derecha2        main
     000096F3  _arma_derecha                      main
     00009713  _personaje_tronco_superior_izqui   main
     00009733  _personaje_tronco_superior_izqui   main
     00009753  _personaje_piernas_izquierda1      main
     00009773  _personaje_piernas_izquierda2      main
     00009793  _arma_izquierda                    main
     000097B3  _color_personaje_tronco_superior   main
     000097D3  _color_personaje_tronco_superior   main
     000097F3  _color_personaje_piernas1          main
     00009813  _color_personaje_piernas2          main
     00009833  _color_arma                        main
     00009853  _player                            main
     00009861  _gravedad                          main
     00009863  _fireSprite                        main
     00009883  _enemigo1                          main
     000098A3  _enemigo1andando                   main
     000098C3  _enemigo2                          main
     000098E3  _enemigo2andando                   main
     00009903  _enemigo3                          main
     00009923  _enemigo3andando                   main
     00009943  _enemigo4                          main
     00009963  _enemigo4andando                   main
     00009983  _colorEnemigo1                     main
     00009993  _colorEnemigo1Andando              main
     000099A3  _colorEnemigo2                     main
     000099B3  _colorEnemigo2Andando              main
     000099C3  _colorEnemigo3                     main
     000099D3  _colorEnemigo3Andando              main
     000099E3  _colorEnemigo4                     main
     000099F3  _colorEnemigo4Andando              main
     00009A03  _heap_top                          

ASxxxx Linker V03.00 + NoICE + sdld,  page 7.
Hexadecimal  [32-Bits]

Area                                    Addr        Size        Decimal Bytes (Attributes)
--------------------------------        ----        ----        ------- ----- ------------
_GSINIT                             00009A09    0000000F =          15. bytes (REL,CON)

      Value  Global                              Global Defined In Module
      -----  --------------------------------   ------------------------
ASxxxx Linker V03.00 + NoICE + sdld,  page 8.
Hexadecimal  [32-Bits]

Area                                    Addr        Size        Decimal Bytes (Attributes)
--------------------------------        ----        ----        ------- ----- ------------
_GSFINAL                            00009A18    00000001 =           1. bytes (REL,CON)

      Value  Global                              Global Defined In Module
      -----  --------------------------------   ------------------------
ASxxxx Linker V03.00 + NoICE + sdld,  page 9.
Hexadecimal  [32-Bits]

Area                                    Addr        Size        Decimal Bytes (Attributes)
--------------------------------        ----        ----        ------- ----- ------------
_INITIALIZER                        00009A19    000003AB =         939. bytes (REL,CON)

      Value  Global                              Global Defined In Module
      -----  --------------------------------   ------------------------
ASxxxx Linker V03.00 + NoICE + sdld,  page 10.
Hexadecimal  [32-Bits]

Area                                    Addr        Size        Decimal Bytes (Attributes)
--------------------------------        ----        ----        ------- ----- ------------
_HEADER0                            00000000    00000006 =           6. bytes (ABS,CON)

      Value  Global                              Global Defined In Module
      -----  --------------------------------   ------------------------
ASxxxx Linker V03.00 + NoICE + sdld,  page 11.
Hexadecimal  [32-Bits]

Area                                    Addr        Size        Decimal Bytes (Attributes)
--------------------------------        ----        ----        ------- ----- ------------
_HEAP                               00009DC4    00000000 =           0. bytes (REL,CON)

      Value  Global                              Global Defined In Module
      -----  --------------------------------   ------------------------
     00009DC4  _HEAP_start                        

ASxxxx Linker V03.00 + NoICE + sdld,  page 12.

Files Linked                              [ module(s) ]

main.rel                                  [ main ]
fusion-c\include\crt0_msxdos.rel          [  ]


Libraries Linked                          [ object file ]

C:\Program Files\SDCC\bin\..\lib\z80/z80.lib
                                          [ divunsigned.rel ]
C:\Program Files\SDCC\bin\..\lib\z80/z80.lib
                                          [ rand.rel ]
fusion-c\lib\/fusion.lib                  [ vdp_graph2.rel ]
fusion-c\lib\/fusion.lib                  [ fcb_read.rel ]
fusion-c\lib\/fusion.lib                  [ vdp_graph2plus.rel ]
fusion-c\lib\/fusion.lib                  [ putsprite.rel ]
fusion-c\lib\/fusion.lib                  [ spriteSmall.rel ]
fusion-c\lib\/fusion.lib                  [ setrealtimer.rel ]
fusion-c\lib\/fusion.lib                  [ keysound.rel ]
fusion-c\lib\/fusion.lib                  [ spritemore.rel ]
fusion-c\lib\/fusion.lib                  [ spriteon.rel ]
fusion-c\lib\/fusion.lib                  [ spritereset.rel ]
fusion-c\lib\/fusion.lib                  [ fcb_open.rel ]
fusion-c\lib\/fusion.lib                  [ beep.rel ]
fusion-c\lib\/fusion.lib                  [ waitkey.rel ]
fusion-c\lib\/fusion.lib                  [ inkey.rel ]
fusion-c\lib\/fusion.lib                  [ setspritepattern.rel ]
fusion-c\lib\/fusion.lib                  [ realtimer.rel ]
fusion-c\lib\/fusion.lib                  [ vdpwriteni.rel ]
fusion-c\lib\/fusion.lib                  [ joystickread.rel ]
fusion-c\lib\/fusion.lib                  [ vpoke.rel ]
fusion-c\lib\/fusion.lib                  [ itoa.rel ]
fusion-c\lib\/fusion.lib                  [ outports.rel ]
fusion-c\lib\/fusion.lib                  [ triggerread.rel ]
fusion-c\lib\/fusion.lib                  [ strreverse.rel ]
fusion-c\lib\/fusion.lib                  [ vdpwrite.rel ]
fusion-c\lib\/fusion.lib                  [ strlen.rel ]
C:\Program Files\SDCC\bin\..\lib\z80/z80.lib
                                          [ crtenter.rel ]
fusion-c\lib\/fusion.lib                  [ outport.rel ]
C:\Program Files\SDCC\bin\..\lib\z80/z80.lib
                                          [ modsigned.rel ]
fusion-c\lib\/fusion.lib                  [ sprite16.rel ]
fusion-c\lib\/fusion.lib                  [ puttext.rel ]
fusion-c\lib\/fusion.lib                  [ setcolors.rel ]
C:\Program Files\SDCC\bin\..\lib\z80/z80.lib
                                          [ divsigned.rel ]
fusion-c\lib\/fusion.lib                  [ screen.rel ]

ASxxxx Linker V03.00 + NoICE + sdld,  page 13.

User Base Address Definitions

_CODE = 0x0106
_DATA = 0x0000

